[
    {
        "id": 3,
        "name": "Amber Mueller",
        "email": "eldridge.bogisich@example.net",
        "email_verified_at": "2021-11-11 09:33:41",
        "password": "$2y$10$92IXUNpkjO0rOQ5byMi.Ye4oKoEa3Ro9llC\/.og\/at2.uheWG\/igi",
        "remember_token": "ymKOGLlMW5",
        "created_at": "2021-11-11T09:33:41.000000Z",
        "updated_at": "2021-11-11T09:33:41.000000Z",
        "pivot": {
            "model_id": 1,
            "user_id": 3,
            "id": 3,
            "model_type": "OwowAgency\\Teams\\Models\\Team",
            "type": 0,
            "accepted_at": null,
            "declined_at": "2021-11-11T09:33:41.000000Z",
            "created_at": "2021-11-11T09:33:41.000000Z",
            "updated_at": "2021-11-11T09:33:41.000000Z"
        }
    }
]
