[
    {
        "id": 2,
        "name": "Antonio Towne DDS",
        "email": "briana.sanford@example.com",
        "email_verified_at": "2021-11-11 09:33:41",
        "password": "$2y$10$92IXUNpkjO0rOQ5byMi.Ye4oKoEa3Ro9llC\/.og\/at2.uheWG\/igi",
        "remember_token": "fZcnwLDszX",
        "created_at": "2021-11-11T09:33:41.000000Z",
        "updated_at": "2021-11-11T09:33:41.000000Z",
        "pivot": {
            "model_id": 1,
            "user_id": 2,
            "id": 2,
            "model_type": "OwowAgency\\Teams\\Models\\Team",
            "type": 0,
            "accepted_at": "2021-11-11T09:33:41.000000Z",
            "declined_at": null,
            "created_at": "2021-11-11T09:33:41.000000Z",
            "updated_at": "2021-11-11T09:33:41.000000Z"
        }
    }
]
