[
    {
        "id": 1,
        "name": "Isobel Kulas I",
        "email": "agutmann@example.org",
        "email_verified_at": "2021-11-11 09:34:02",
        "password": "$2y$10$92IXUNpkjO0rOQ5byMi.Ye4oKoEa3Ro9llC\/.og\/at2.uheWG\/igi",
        "remember_token": "W7TVGugMd9",
        "created_at": "2021-11-11T09:34:02.000000Z",
        "updated_at": "2021-11-11T09:34:02.000000Z",
        "pivot": {
            "model_id": 1,
            "user_id": 1,
            "id": 1,
            "model_type": "OwowAgency\\Teams\\Models\\Team",
            "type": 0,
            "accepted_at": null,
            "declined_at": null,
            "created_at": "2021-11-11T09:34:02.000000Z",
            "updated_at": "2021-11-11T09:34:02.000000Z"
        }
    },
    {
        "id": 2,
        "name": "Benny Batz",
        "email": "eden34@example.com",
        "email_verified_at": "2021-11-11 09:34:02",
        "password": "$2y$10$92IXUNpkjO0rOQ5byMi.Ye4oKoEa3Ro9llC\/.og\/at2.uheWG\/igi",
        "remember_token": "dYFj2LGL0J",
        "created_at": "2021-11-11T09:34:02.000000Z",
        "updated_at": "2021-11-11T09:34:02.000000Z",
        "pivot": {
            "model_id": 1,
            "user_id": 2,
            "id": 2,
            "model_type": "OwowAgency\\Teams\\Models\\Team",
            "type": 0,
            "accepted_at": "2021-11-11T09:34:02.000000Z",
            "declined_at": null,
            "created_at": "2021-11-11T09:34:02.000000Z",
            "updated_at": "2021-11-11T09:34:02.000000Z"
        }
    }
]
