[
    {
        "id": 1,
        "name": "Prof. Wilhelmine Hahn DDS",
        "creator_id": null,
        "type": null,
        "privacy": null,
        "created_at": "2021-11-11T11:38:54.000000Z",
        "updated_at": "2021-11-11T11:38:54.000000Z",
        "pivot": {
            "user_id": 1,
            "model_id": 1,
            "id": 1,
            "model_type": "OwowAgency\\Teams\\Models\\Team",
            "type": 0,
            "accepted_at": null,
            "declined_at": null,
            "created_at": "2021-11-11T11:38:54.000000Z",
            "updated_at": "2021-11-11T11:38:54.000000Z"
        }
    }
]
