[
    {
        "id": 1,
        "name": "Rosella Stark",
        "email": "uschiller@example.com",
        "email_verified_at": "2021-11-03 08:07:57",
        "password": "$2y$10$92IXUNpkjO0rOQ5byMi.Ye4oKoEa3Ro9llC\/.og\/at2.uheWG\/igi",
        "remember_token": "W6aVTi3HlU",
        "created_at": "2021-11-03T08:07:57.000000Z",
        "updated_at": "2021-11-03T08:07:57.000000Z",
        "pivot": {
            "model_id": 1,
            "user_id": 1,
            "id": 1,
            "model_type": "OwowAgency\\Teams\\Models\\Team",
            "status": 0,
            "created_at": "2021-11-03T08:07:57.000000Z",
            "updated_at": "2021-11-03T08:07:57.000000Z"
        }
    }
]
