[
    {
        "id": 2,
        "name": "Jorge Kovacek",
        "creator_id": null,
        "type": null,
        "privacy": null,
        "created_at": "2021-11-11T11:39:13.000000Z",
        "updated_at": "2021-11-11T11:39:13.000000Z",
        "pivot": {
            "parent_id": "1",
            "child_id": "2"
        }
    }
]
