[
    {
        "id": 1,
        "name": "Willard Rohan",
        "email": "runte.mabel@example.com",
        "email_verified_at": "2022-03-17 09:37:50",
        "password": "$2y$10$92IXUNpkjO0rOQ5byMi.Ye4oKoEa3Ro9llC\/.og\/at2.uheWG\/igi",
        "remember_token": "VFyKhhw3tC",
        "created_at": "2022-03-17T09:37:50.000000Z",
        "updated_at": "2022-03-17T09:37:50.000000Z",
        "pivot": {
            "model_id": 1,
            "user_id": 1,
            "id": 1,
            "model_type": "OwowAgency\\Teams\\Models\\Team",
            "type": 1,
            "accepted_at": null,
            "declined_at": null,
            "created_at": "2022-03-17T09:37:50.000000Z",
            "updated_at": "2022-03-17T09:37:50.000000Z"
        }
    }
]
