[
    {
        "id": 3,
        "model_type": "OwowAgency\\Teams\\Models\\Team",
        "model_id": 3,
        "user_id": 3,
        "type": 0,
        "accepted_at": null,
        "declined_at": null,
        "created_at": "2021-11-16T15:29:27.000000Z",
        "updated_at": "2021-11-16T15:29:27.000000Z"
    }
]
