[
    {
        "id": 2,
        "model_type": "OwowAgency\\Teams\\Models\\Team",
        "model_id": 2,
        "user_id": 2,
        "status": 0,
        "accepted_at": null,
        "declined_at": null,
        "created_at": "2021-11-03T13:28:11.000000Z",
        "updated_at": "2021-11-03T13:28:11.000000Z"
    }
]
