[
    {
        "id": 2,
        "name": "Serena Pfannerstill",
        "type": 1,
        "privacy": null,
        "created_at": "2021-11-03T13:28:11.000000Z",
        "updated_at": "2021-11-03T13:28:11.000000Z"
    }
]
