[
    {
        "id": 2,
        "name": "Mabel Rosenbaum IV",
        "creator_id": null,
        "type": 1,
        "privacy": null,
        "created_at": "2021-11-11T11:39:06.000000Z",
        "updated_at": "2021-11-11T11:39:06.000000Z"
    }
]
