[
    {
        "id": 2,
        "name": "London Carter",
        "creator_id": null,
        "type": null,
        "privacy": 0,
        "created_at": "2021-11-11T11:39:06.000000Z",
        "updated_at": "2021-11-11T11:39:06.000000Z"
    }
]
