[
    {
        "id": 1,
        "name": "Alfreda Aufderhar",
        "email": "becker.casper@example.com",
        "email_verified_at": "2021-11-01 14:03:48",
        "password": "$2y$10$92IXUNpkjO0rOQ5byMi.Ye4oKoEa3Ro9llC\/.og\/at2.uheWG\/igi",
        "remember_token": "zhOm83M5U8",
        "created_at": "2021-11-01T14:03:48.000000Z",
        "updated_at": "2021-11-01T14:03:48.000000Z",
        "pivot": {
            "model_id": 1,
            "user_id": 1,
            "id": 1,
            "created_at": "2021-11-01T14:03:48.000000Z",
            "updated_at": "2021-11-01T14:03:48.000000Z"
        }
    }
]
